src/app/(dashboard)/page.tsx(65,20): error TS2349: This expression is not callable.
  Each member of the union type '(<A extends JobGroupByArgs<InternalArgs & { result: {}; model: { $allModels: { softDelete: () => (id: string) => Promise<any>; }; user: { softDelete: () => (id: string) => Promise<any>; }; ... 8 more ...; verificationToken: { ...; }; }; query: {}; client: {}; }>>(args: Exact<...>) => PrismaPromise<...>) | (<T extend...' has signatures, but none of those signatures are compatible with each other.
src/app/(dashboard)/page.tsx(70,26): error TS2349: This expression is not callable.
  Each member of the union type '(<A extends CandidateGroupByArgs<InternalArgs & { result: {}; model: { $allModels: { softDelete: () => (id: string) => Promise<any>; }; user: { softDelete: () => (id: string) => Promise<any>; }; ... 8 more ...; verificationToken: { ...; }; }; query: {}; client: {}; }>>(args: Exact<...>) => PrismaPromise<...>) | (<T ...' has signatures, but none of those signatures are compatible with each other.
src/app/(dashboard)/page.tsx(81,39): error TS7006: Parameter 's' implicitly has an 'any' type.
src/app/(dashboard)/page.tsx(82,51): error TS7006: Parameter 's' implicitly has an 'any' type.
src/app/(dashboard)/page.tsx(134,57): error TS7006: Parameter 'app' implicitly has an 'any' type.
src/app/(dashboard)/page.tsx(168,55): error TS7006: Parameter 'activity' implicitly has an 'any' type.
src/app/(dashboard)/reports/page.tsx(24,20): error TS2349: This expression is not callable.
  Each member of the union type '(<A extends JobGroupByArgs<InternalArgs & { result: {}; model: { $allModels: { softDelete: () => (id: string) => Promise<any>; }; user: { softDelete: () => (id: string) => Promise<any>; }; ... 8 more ...; verificationToken: { ...; }; }; query: {}; client: {}; }>>(args: Exact<...>) => PrismaPromise<...>) | (<T extend...' has signatures, but none of those signatures are compatible with each other.
src/app/(dashboard)/reports/page.tsx(29,26): error TS2349: This expression is not callable.
  Each member of the union type '(<A extends CandidateGroupByArgs<InternalArgs & { result: {}; model: { $allModels: { softDelete: () => (id: string) => Promise<any>; }; user: { softDelete: () => (id: string) => Promise<any>; }; ... 8 more ...; verificationToken: { ...; }; }; query: {}; client: {}; }>>(args: Exact<...>) => PrismaPromise<...>) | (<T ...' has signatures, but none of those signatures are compatible with each other.
src/app/(dashboard)/reports/page.tsx(36,39): error TS7006: Parameter 's' implicitly has an 'any' type.
src/app/(dashboard)/reports/page.tsx(37,51): error TS7006: Parameter 's' implicitly has an 'any' type.
src/app/(dashboard)/reports/page.tsx(39,33): error TS7006: Parameter 'job' implicitly has an 'any' type.
src/app/(dashboard)/reports/page.tsx(102,40): error TS7006: Parameter 'job' implicitly has an 'any' type.
src/lib/activity.ts(16,13): error TS2322: Type 'Record<string, unknown>' is not assignable to type 'string | number | boolean | DbNull | JsonNull | InputJsonObject | InputJsonArray | { toJSON(): unknown; } | (string & DbNull) | ... 104 more ... | undefined'.
  Type 'Record<string, unknown>' is not assignable to type '{ readonly [x: number]: Exact<InputJsonValue | null, InputJsonValue | null>; readonly length: number; toString: {}; toLocaleString: {}; concat: {}; ... 27 more ...; readonly [Symbol.unscopables]: { ...; }; } & string'.
    Type 'Record<string, unknown>' is missing the following properties from type '{ readonly [x: number]: Exact<InputJsonValue | null, InputJsonValue | null>; readonly length: number; toString: {}; toLocaleString: {}; concat: {}; ... 27 more ...; readonly [Symbol.unscopables]: { ...; }; }': length, concat, join, slice, and 26 more.
